
> network-plus-extension@1.4.0 test
> jest --coverage

----------|---------|----------|---------|---------|-------------------
File      | % Stmts | % Branch | % Funcs | % Lines | Uncovered Line #s 
----------|---------|----------|---------|---------|-------------------
All files |     100 |       75 |     100 |     100 |                   
 panel.js |     100 |       75 |     100 |     100 | 1274              
----------|---------|----------|---------|---------|-------------------
